---
source: raffia/tests/ast.rs
---
Stylesheet(
  type: "Stylesheet",
  statements: [
    QualifiedRule(
      type: "QualifiedRule",
      selector: SelectorList(
        type: "SelectorList",
        selectors: [
          ComplexSelector(
            type: "ComplexSelector",
            children: [
              CompoundSelector(
                type: "CompoundSelector",
                children: [
                  ClassSelector(
                    type: "ClassSelector",
                    name: Ident(
                      type: "Ident",
                      name: "a",
                      raw: "a",
                      span: Span(
                        start: 1,
                        end: 2,
                      ),
                    ),
                    span: Span(
                      start: 0,
                      end: 2,
                    ),
                  ),
                  ClassSelector(
                    type: "ClassSelector",
                    name: Ident(
                      type: "Ident",
                      name: "mod1",
                      raw: "mod1",
                      span: Span(
                        start: 3,
                        end: 7,
                      ),
                    ),
                    span: Span(
                      start: 2,
                      end: 7,
                    ),
                  ),
                ],
                span: Span(
                  start: 0,
                  end: 7,
                ),
              ),
            ],
            span: Span(
              start: 0,
              end: 7,
            ),
          ),
          ComplexSelector(
            type: "ComplexSelector",
            children: [
              CompoundSelector(
                type: "CompoundSelector",
                children: [
                  ClassSelector(
                    type: "ClassSelector",
                    name: Ident(
                      type: "Ident",
                      name: "a",
                      raw: "a",
                      span: Span(
                        start: 10,
                        end: 11,
                      ),
                    ),
                    span: Span(
                      start: 9,
                      end: 11,
                    ),
                  ),
                  ClassSelector(
                    type: "ClassSelector",
                    name: Ident(
                      type: "Ident",
                      name: "mod2",
                      raw: "mod2",
                      span: Span(
                        start: 12,
                        end: 16,
                      ),
                    ),
                    span: Span(
                      start: 11,
                      end: 16,
                    ),
                  ),
                ],
                span: Span(
                  start: 9,
                  end: 16,
                ),
              ),
            ],
            span: Span(
              start: 9,
              end: 16,
            ),
          ),
        ],
        commaSpans: [
          Span(
            start: 7,
            end: 8,
          ),
        ],
        span: Span(
          start: 0,
          end: 16,
        ),
      ),
      block: SimpleBlock(
        type: "SimpleBlock",
        statements: [
          SassExtendAtRule(
            type: "SassExtendAtRule",
            selectors: CompoundSelectorList(
              type: "CompoundSelectorList",
              selectors: [
                CompoundSelector(
                  type: "CompoundSelector",
                  children: [
                    ClassSelector(
                      type: "ClassSelector",
                      name: Ident(
                        type: "Ident",
                        name: "a",
                        raw: "a",
                        span: Span(
                          start: 30,
                          end: 31,
                        ),
                      ),
                      span: Span(
                        start: 29,
                        end: 31,
                      ),
                    ),
                  ],
                  span: Span(
                    start: 29,
                    end: 31,
                  ),
                ),
                CompoundSelector(
                  type: "CompoundSelector",
                  children: [
                    ClassSelector(
                      type: "ClassSelector",
                      name: Ident(
                        type: "Ident",
                        name: "b",
                        raw: "b",
                        span: Span(
                          start: 34,
                          end: 35,
                        ),
                      ),
                      span: Span(
                        start: 33,
                        end: 35,
                      ),
                    ),
                  ],
                  span: Span(
                    start: 33,
                    end: 35,
                  ),
                ),
              ],
              span: Span(
                start: 29,
                end: 35,
              ),
            ),
            optional: None,
            span: Span(
              start: 21,
              end: 36,
            ),
          ),
        ],
        span: Span(
          start: 17,
          end: 38,
        ),
      ),
      span: Span(
        start: 0,
        end: 38,
      ),
    ),
    QualifiedRule(
      type: "QualifiedRule",
      selector: SelectorList(
        type: "SelectorList",
        selectors: [
          ComplexSelector(
            type: "ComplexSelector",
            children: [
              CompoundSelector(
                type: "CompoundSelector",
                children: [
                  ClassSelector(
                    type: "ClassSelector",
                    name: Ident(
                      type: "Ident",
                      name: "test",
                      raw: "test",
                      span: Span(
                        start: 41,
                        end: 45,
                      ),
                    ),
                    span: Span(
                      start: 40,
                      end: 45,
                    ),
                  ),
                ],
                span: Span(
                  start: 40,
                  end: 45,
                ),
              ),
            ],
            span: Span(
              start: 40,
              end: 45,
            ),
          ),
        ],
        commaSpans: [],
        span: Span(
          start: 40,
          end: 45,
        ),
      ),
      block: SimpleBlock(
        type: "SimpleBlock",
        statements: [
          SassExtendAtRule(
            type: "SassExtendAtRule",
            selectors: CompoundSelectorList(
              type: "CompoundSelectorList",
              selectors: [
                CompoundSelector(
                  type: "CompoundSelector",
                  children: [
                    TagNameSelector(
                      type: "TagNameSelector",
                      name: WqName(
                        type: "WqName",
                        name: SassInterpolatedIdent(
                          type: "SassInterpolatedIdent",
                          elements: [
                            Str(
                              type: "Str",
                              value: "%test",
                              raw: "\'%test\'",
                              span: Span(
                                start: 60,
                                end: 67,
                              ),
                            ),
                          ],
                          span: Span(
                            start: 58,
                            end: 68,
                          ),
                        ),
                        prefix: None,
                        span: Span(
                          start: 58,
                          end: 68,
                        ),
                      ),
                      span: Span(
                        start: 58,
                        end: 68,
                      ),
                    ),
                  ],
                  span: Span(
                    start: 58,
                    end: 68,
                  ),
                ),
              ],
              span: Span(
                start: 58,
                end: 68,
              ),
            ),
            optional: Some(SassFlag(
              type: "SassFlag",
              keyword: Ident(
                type: "Ident",
                name: "optional",
                raw: "optional",
                span: Span(
                  start: 70,
                  end: 78,
                ),
              ),
              span: Span(
                start: 69,
                end: 78,
              ),
            )),
            span: Span(
              start: 50,
              end: 78,
            ),
          ),
        ],
        span: Span(
          start: 46,
          end: 80,
        ),
      ),
      span: Span(
        start: 40,
        end: 80,
      ),
    ),
    QualifiedRule(
      type: "QualifiedRule",
      selector: SelectorList(
        type: "SelectorList",
        selectors: [
          ComplexSelector(
            type: "ComplexSelector",
            children: [
              CompoundSelector(
                type: "CompoundSelector",
                children: [
                  ClassSelector(
                    type: "ClassSelector",
                    name: Ident(
                      type: "Ident",
                      name: "compound",
                      raw: "compound",
                      span: Span(
                        start: 83,
                        end: 91,
                      ),
                    ),
                    span: Span(
                      start: 82,
                      end: 91,
                    ),
                  ),
                ],
                span: Span(
                  start: 82,
                  end: 91,
                ),
              ),
            ],
            span: Span(
              start: 82,
              end: 91,
            ),
          ),
        ],
        commaSpans: [],
        span: Span(
          start: 82,
          end: 91,
        ),
      ),
      block: SimpleBlock(
        type: "SimpleBlock",
        statements: [
          SassExtendAtRule(
            type: "SassExtendAtRule",
            selectors: CompoundSelectorList(
              type: "CompoundSelectorList",
              selectors: [
                CompoundSelector(
                  type: "CompoundSelector",
                  children: [
                    ClassSelector(
                      type: "ClassSelector",
                      name: Ident(
                        type: "Ident",
                        name: "one",
                        raw: "one",
                        span: Span(
                          start: 105,
                          end: 108,
                        ),
                      ),
                      span: Span(
                        start: 104,
                        end: 108,
                      ),
                    ),
                    ClassSelector(
                      type: "ClassSelector",
                      name: Ident(
                        type: "Ident",
                        name: "two",
                        raw: "two",
                        span: Span(
                          start: 109,
                          end: 112,
                        ),
                      ),
                      span: Span(
                        start: 108,
                        end: 112,
                      ),
                    ),
                  ],
                  span: Span(
                    start: 104,
                    end: 112,
                  ),
                ),
              ],
              span: Span(
                start: 104,
                end: 112,
              ),
            ),
            optional: None,
            span: Span(
              start: 96,
              end: 113,
            ),
          ),
        ],
        span: Span(
          start: 92,
          end: 115,
        ),
      ),
      span: Span(
        start: 82,
        end: 115,
      ),
    ),
  ],
  span: Span(
    start: 0,
    end: 116,
  ),
)
