---
source: raffia/tests/ast.rs
---
Stylesheet(
  type: "Stylesheet",
  statements: [
    SassIfAtRule(
      type: "SassIfAtRule",
      ifClause: SassConditionalClause(
        type: "SassConditionalClause",
        condition: SassBinaryExpression(
          type: "SassBinaryExpression",
          left: Str(
            type: "Str",
            value: "foo",
            raw: "\"foo\"",
            span: Span(
              start: 4,
              end: 9,
            ),
          ),
          op: SassBinaryOperator(
            type: "SassBinaryOperator",
            kind: ExclamationEquals,
            span: Span(
              start: 10,
              end: 12,
            ),
          ),
          right: Str(
            type: "Str",
            value: "foo",
            raw: "\"foo\"",
            span: Span(
              start: 13,
              end: 18,
            ),
          ),
          span: Span(
            start: 4,
            end: 18,
          ),
        ),
        block: SimpleBlock(
          type: "SimpleBlock",
          statements: [
            QualifiedRule(
              type: "QualifiedRule",
              selector: SelectorList(
                type: "SelectorList",
                selectors: [
                  ComplexSelector(
                    type: "ComplexSelector",
                    children: [
                      CompoundSelector(
                        type: "CompoundSelector",
                        children: [
                          TagNameSelector(
                            type: "TagNameSelector",
                            name: WqName(
                              type: "WqName",
                              name: Ident(
                                type: "Ident",
                                name: "foo",
                                raw: "foo",
                                span: Span(
                                  start: 20,
                                  end: 23,
                                ),
                              ),
                              prefix: None,
                              span: Span(
                                start: 20,
                                end: 23,
                              ),
                            ),
                            span: Span(
                              start: 20,
                              end: 23,
                            ),
                          ),
                        ],
                        span: Span(
                          start: 20,
                          end: 23,
                        ),
                      ),
                    ],
                    span: Span(
                      start: 20,
                      end: 23,
                    ),
                  ),
                ],
                span: Span(
                  start: 20,
                  end: 23,
                ),
              ),
              block: SimpleBlock(
                type: "SimpleBlock",
                statements: [
                  Declaration(
                    type: "Declaration",
                    name: Ident(
                      type: "Ident",
                      name: "a",
                      raw: "a",
                      span: Span(
                        start: 25,
                        end: 26,
                      ),
                    ),
                    value: [
                      Ident(
                        type: "Ident",
                        name: "b",
                        raw: "b",
                        span: Span(
                          start: 28,
                          end: 29,
                        ),
                      ),
                    ],
                    important: None,
                    lessPropertyMerge: None,
                    span: Span(
                      start: 25,
                      end: 29,
                    ),
                  ),
                ],
                span: Span(
                  start: 24,
                  end: 30,
                ),
              ),
              span: Span(
                start: 20,
                end: 30,
              ),
            ),
          ],
          span: Span(
            start: 19,
            end: 31,
          ),
        ),
        span: Span(
          start: 4,
          end: 31,
        ),
      ),
      elseIfClauses: [],
      elseClause: Some(SimpleBlock(
        type: "SimpleBlock",
        statements: [
          QualifiedRule(
            type: "QualifiedRule",
            selector: SelectorList(
              type: "SelectorList",
              selectors: [
                ComplexSelector(
                  type: "ComplexSelector",
                  children: [
                    CompoundSelector(
                      type: "CompoundSelector",
                      children: [
                        TagNameSelector(
                          type: "TagNameSelector",
                          name: WqName(
                            type: "WqName",
                            name: Ident(
                              type: "Ident",
                              name: "bar",
                              raw: "bar",
                              span: Span(
                                start: 39,
                                end: 42,
                              ),
                            ),
                            prefix: None,
                            span: Span(
                              start: 39,
                              end: 42,
                            ),
                          ),
                          span: Span(
                            start: 39,
                            end: 42,
                          ),
                        ),
                      ],
                      span: Span(
                        start: 39,
                        end: 42,
                      ),
                    ),
                  ],
                  span: Span(
                    start: 39,
                    end: 42,
                  ),
                ),
              ],
              span: Span(
                start: 39,
                end: 42,
              ),
            ),
            block: SimpleBlock(
              type: "SimpleBlock",
              statements: [
                Declaration(
                  type: "Declaration",
                  name: Ident(
                    type: "Ident",
                    name: "a",
                    raw: "a",
                    span: Span(
                      start: 44,
                      end: 45,
                    ),
                  ),
                  value: [
                    Ident(
                      type: "Ident",
                      name: "b",
                      raw: "b",
                      span: Span(
                        start: 47,
                        end: 48,
                      ),
                    ),
                  ],
                  important: None,
                  lessPropertyMerge: None,
                  span: Span(
                    start: 44,
                    end: 48,
                  ),
                ),
              ],
              span: Span(
                start: 43,
                end: 49,
              ),
            ),
            span: Span(
              start: 39,
              end: 49,
            ),
          ),
        ],
        span: Span(
          start: 38,
          end: 50,
        ),
      )),
      span: Span(
        start: 0,
        end: 50,
      ),
    ),
    SassIfAtRule(
      type: "SassIfAtRule",
      ifClause: SassConditionalClause(
        type: "SassConditionalClause",
        condition: Ident(
          type: "Ident",
          name: "false",
          raw: "false",
          span: Span(
            start: 56,
            end: 61,
          ),
        ),
        block: SimpleBlock(
          type: "SimpleBlock",
          statements: [
            QualifiedRule(
              type: "QualifiedRule",
              selector: SelectorList(
                type: "SelectorList",
                selectors: [
                  ComplexSelector(
                    type: "ComplexSelector",
                    children: [
                      CompoundSelector(
                        type: "CompoundSelector",
                        children: [
                          TagNameSelector(
                            type: "TagNameSelector",
                            name: WqName(
                              type: "WqName",
                              name: Ident(
                                type: "Ident",
                                name: "div",
                                raw: "div",
                                span: Span(
                                  start: 66,
                                  end: 69,
                                ),
                              ),
                              prefix: None,
                              span: Span(
                                start: 66,
                                end: 69,
                              ),
                            ),
                            span: Span(
                              start: 66,
                              end: 69,
                            ),
                          ),
                        ],
                        span: Span(
                          start: 66,
                          end: 69,
                        ),
                      ),
                    ],
                    span: Span(
                      start: 66,
                      end: 69,
                    ),
                  ),
                ],
                span: Span(
                  start: 66,
                  end: 69,
                ),
              ),
              block: SimpleBlock(
                type: "SimpleBlock",
                statements: [
                  Declaration(
                    type: "Declaration",
                    name: Ident(
                      type: "Ident",
                      name: "color",
                      raw: "color",
                      span: Span(
                        start: 76,
                        end: 81,
                      ),
                    ),
                    value: [
                      Ident(
                        type: "Ident",
                        name: "red",
                        raw: "red",
                        span: Span(
                          start: 83,
                          end: 86,
                        ),
                      ),
                    ],
                    important: None,
                    lessPropertyMerge: None,
                    span: Span(
                      start: 76,
                      end: 86,
                    ),
                  ),
                ],
                span: Span(
                  start: 70,
                  end: 91,
                ),
              ),
              span: Span(
                start: 66,
                end: 91,
              ),
            ),
          ],
          span: Span(
            start: 62,
            end: 93,
          ),
        ),
        span: Span(
          start: 56,
          end: 93,
        ),
      ),
      elseIfClauses: [
        SassConditionalClause(
          type: "SassConditionalClause",
          condition: Ident(
            type: "Ident",
            name: "true",
            raw: "true",
            span: Span(
              start: 103,
              end: 107,
            ),
          ),
          block: SimpleBlock(
            type: "SimpleBlock",
            statements: [
              QualifiedRule(
                type: "QualifiedRule",
                selector: SelectorList(
                  type: "SelectorList",
                  selectors: [
                    ComplexSelector(
                      type: "ComplexSelector",
                      children: [
                        CompoundSelector(
                          type: "CompoundSelector",
                          children: [
                            TagNameSelector(
                              type: "TagNameSelector",
                              name: WqName(
                                type: "WqName",
                                name: Ident(
                                  type: "Ident",
                                  name: "span",
                                  raw: "span",
                                  span: Span(
                                    start: 112,
                                    end: 116,
                                  ),
                                ),
                                prefix: None,
                                span: Span(
                                  start: 112,
                                  end: 116,
                                ),
                              ),
                              span: Span(
                                start: 112,
                                end: 116,
                              ),
                            ),
                          ],
                          span: Span(
                            start: 112,
                            end: 116,
                          ),
                        ),
                      ],
                      span: Span(
                        start: 112,
                        end: 116,
                      ),
                    ),
                  ],
                  span: Span(
                    start: 112,
                    end: 116,
                  ),
                ),
                block: SimpleBlock(
                  type: "SimpleBlock",
                  statements: [
                    Declaration(
                      type: "Declaration",
                      name: Ident(
                        type: "Ident",
                        name: "color",
                        raw: "color",
                        span: Span(
                          start: 123,
                          end: 128,
                        ),
                      ),
                      value: [
                        Ident(
                          type: "Ident",
                          name: "blue",
                          raw: "blue",
                          span: Span(
                            start: 130,
                            end: 134,
                          ),
                        ),
                      ],
                      important: None,
                      lessPropertyMerge: None,
                      span: Span(
                        start: 123,
                        end: 134,
                      ),
                    ),
                  ],
                  span: Span(
                    start: 117,
                    end: 139,
                  ),
                ),
                span: Span(
                  start: 112,
                  end: 139,
                ),
              ),
            ],
            span: Span(
              start: 108,
              end: 141,
            ),
          ),
          span: Span(
            start: 103,
            end: 141,
          ),
        ),
      ],
      elseClause: None,
      span: Span(
        start: 52,
        end: 146,
      ),
    ),
    QualifiedRule(
      type: "QualifiedRule",
      selector: SelectorList(
        type: "SelectorList",
        selectors: [
          ComplexSelector(
            type: "ComplexSelector",
            children: [
              CompoundSelector(
                type: "CompoundSelector",
                children: [
                  TagNameSelector(
                    type: "TagNameSelector",
                    name: WqName(
                      type: "WqName",
                      name: Ident(
                        type: "Ident",
                        name: "div",
                        raw: "div",
                        span: Span(
                          start: 143,
                          end: 146,
                        ),
                      ),
                      prefix: None,
                      span: Span(
                        start: 143,
                        end: 146,
                      ),
                    ),
                    span: Span(
                      start: 143,
                      end: 146,
                    ),
                  ),
                ],
                span: Span(
                  start: 143,
                  end: 146,
                ),
              ),
            ],
            span: Span(
              start: 143,
              end: 146,
            ),
          ),
        ],
        span: Span(
          start: 143,
          end: 146,
        ),
      ),
      block: SimpleBlock(
        type: "SimpleBlock",
        statements: [
          SassIfAtRule(
            type: "SassIfAtRule",
            ifClause: SassConditionalClause(
              type: "SassConditionalClause",
              condition: Ident(
                type: "Ident",
                name: "true",
                raw: "true",
                span: Span(
                  start: 155,
                  end: 159,
                ),
              ),
              block: SimpleBlock(
                type: "SimpleBlock",
                statements: [
                  Declaration(
                    type: "Declaration",
                    name: Ident(
                      type: "Ident",
                      name: "color",
                      raw: "color",
                      span: Span(
                        start: 166,
                        end: 171,
                      ),
                    ),
                    value: [
                      Ident(
                        type: "Ident",
                        name: "green",
                        raw: "green",
                        span: Span(
                          start: 173,
                          end: 178,
                        ),
                      ),
                    ],
                    important: None,
                    lessPropertyMerge: None,
                    span: Span(
                      start: 166,
                      end: 178,
                    ),
                  ),
                ],
                span: Span(
                  start: 160,
                  end: 183,
                ),
              ),
              span: Span(
                start: 155,
                end: 183,
              ),
            ),
            elseIfClauses: [],
            elseClause: None,
            span: Span(
              start: 151,
              end: 189,
            ),
          ),
          SassIfAtRule(
            type: "SassIfAtRule",
            ifClause: SassConditionalClause(
              type: "SassConditionalClause",
              condition: Ident(
                type: "Ident",
                name: "false",
                raw: "false",
                span: Span(
                  start: 190,
                  end: 195,
                ),
              ),
              block: SimpleBlock(
                type: "SimpleBlock",
                statements: [
                  Declaration(
                    type: "Declaration",
                    name: Ident(
                      type: "Ident",
                      name: "height",
                      raw: "height",
                      span: Span(
                        start: 202,
                        end: 208,
                      ),
                    ),
                    value: [
                      Dimension(
                        type: "Dimension",
                        value: Number(
                          type: "Number",
                          value: 10.0,
                          raw: "10",
                          span: Span(
                            start: 210,
                            end: 212,
                          ),
                        ),
                        unit: Ident(
                          type: "Ident",
                          name: "px",
                          raw: "px",
                          span: Span(
                            start: 212,
                            end: 214,
                          ),
                        ),
                        kind: Length,
                        span: Span(
                          start: 210,
                          end: 214,
                        ),
                      ),
                    ],
                    important: None,
                    lessPropertyMerge: None,
                    span: Span(
                      start: 202,
                      end: 214,
                    ),
                  ),
                ],
                span: Span(
                  start: 196,
                  end: 219,
                ),
              ),
              span: Span(
                start: 190,
                end: 219,
              ),
            ),
            elseIfClauses: [
              SassConditionalClause(
                type: "SassConditionalClause",
                condition: Ident(
                  type: "Ident",
                  name: "false",
                  raw: "false",
                  span: Span(
                    start: 231,
                    end: 236,
                  ),
                ),
                block: SimpleBlock(
                  type: "SimpleBlock",
                  statements: [
                    Declaration(
                      type: "Declaration",
                      name: Ident(
                        type: "Ident",
                        name: "height",
                        raw: "height",
                        span: Span(
                          start: 243,
                          end: 249,
                        ),
                      ),
                      value: [
                        Dimension(
                          type: "Dimension",
                          value: Number(
                            type: "Number",
                            value: 20.0,
                            raw: "20",
                            span: Span(
                              start: 251,
                              end: 253,
                            ),
                          ),
                          unit: Ident(
                            type: "Ident",
                            name: "px",
                            raw: "px",
                            span: Span(
                              start: 253,
                              end: 255,
                            ),
                          ),
                          kind: Length,
                          span: Span(
                            start: 251,
                            end: 255,
                          ),
                        ),
                      ],
                      important: None,
                      lessPropertyMerge: None,
                      span: Span(
                        start: 243,
                        end: 255,
                      ),
                    ),
                  ],
                  span: Span(
                    start: 237,
                    end: 260,
                  ),
                ),
                span: Span(
                  start: 231,
                  end: 260,
                ),
              ),
              SassConditionalClause(
                type: "SassConditionalClause",
                condition: Ident(
                  type: "Ident",
                  name: "false",
                  raw: "false",
                  span: Span(
                    start: 272,
                    end: 277,
                  ),
                ),
                block: SimpleBlock(
                  type: "SimpleBlock",
                  statements: [
                    Declaration(
                      type: "Declaration",
                      name: Ident(
                        type: "Ident",
                        name: "height",
                        raw: "height",
                        span: Span(
                          start: 284,
                          end: 290,
                        ),
                      ),
                      value: [
                        Dimension(
                          type: "Dimension",
                          value: Number(
                            type: "Number",
                            value: 30.0,
                            raw: "30",
                            span: Span(
                              start: 292,
                              end: 294,
                            ),
                          ),
                          unit: Ident(
                            type: "Ident",
                            name: "px",
                            raw: "px",
                            span: Span(
                              start: 294,
                              end: 296,
                            ),
                          ),
                          kind: Length,
                          span: Span(
                            start: 292,
                            end: 296,
                          ),
                        ),
                      ],
                      important: None,
                      lessPropertyMerge: None,
                      span: Span(
                        start: 284,
                        end: 296,
                      ),
                    ),
                  ],
                  span: Span(
                    start: 278,
                    end: 301,
                  ),
                ),
                span: Span(
                  start: 272,
                  end: 301,
                ),
              ),
            ],
            elseClause: Some(SimpleBlock(
              type: "SimpleBlock",
              statements: [
                Declaration(
                  type: "Declaration",
                  name: Ident(
                    type: "Ident",
                    name: "height",
                    raw: "height",
                    span: Span(
                      start: 316,
                      end: 322,
                    ),
                  ),
                  value: [
                    Dimension(
                      type: "Dimension",
                      value: Number(
                        type: "Number",
                        value: 40.0,
                        raw: "40",
                        span: Span(
                          start: 324,
                          end: 326,
                        ),
                      ),
                      unit: Ident(
                        type: "Ident",
                        name: "px",
                        raw: "px",
                        span: Span(
                          start: 326,
                          end: 328,
                        ),
                      ),
                      kind: Length,
                      span: Span(
                        start: 324,
                        end: 328,
                      ),
                    ),
                  ],
                  important: None,
                  lessPropertyMerge: None,
                  span: Span(
                    start: 316,
                    end: 328,
                  ),
                ),
              ],
              span: Span(
                start: 310,
                end: 333,
              ),
            )),
            span: Span(
              start: 186,
              end: 333,
            ),
          ),
        ],
        span: Span(
          start: 147,
          end: 335,
        ),
      ),
      span: Span(
        start: 143,
        end: 335,
      ),
    ),
    SassIfAtRule(
      type: "SassIfAtRule",
      ifClause: SassConditionalClause(
        type: "SassConditionalClause",
        condition: Ident(
          type: "Ident",
          name: "true",
          raw: "true",
          span: Span(
            start: 344,
            end: 348,
          ),
        ),
        block: SimpleBlock(
          type: "SimpleBlock",
          statements: [
            QualifiedRule(
              type: "QualifiedRule",
              selector: SelectorList(
                type: "SelectorList",
                selectors: [
                  ComplexSelector(
                    type: "ComplexSelector",
                    children: [
                      CompoundSelector(
                        type: "CompoundSelector",
                        children: [
                          TagNameSelector(
                            type: "TagNameSelector",
                            name: WqName(
                              type: "WqName",
                              name: Ident(
                                type: "Ident",
                                name: "a",
                                raw: "a",
                                span: Span(
                                  start: 350,
                                  end: 351,
                                ),
                              ),
                              prefix: None,
                              span: Span(
                                start: 350,
                                end: 351,
                              ),
                            ),
                            span: Span(
                              start: 350,
                              end: 351,
                            ),
                          ),
                        ],
                        span: Span(
                          start: 350,
                          end: 351,
                        ),
                      ),
                    ],
                    span: Span(
                      start: 350,
                      end: 351,
                    ),
                  ),
                ],
                span: Span(
                  start: 350,
                  end: 351,
                ),
              ),
              block: SimpleBlock(
                type: "SimpleBlock",
                statements: [
                  Declaration(
                    type: "Declaration",
                    name: Ident(
                      type: "Ident",
                      name: "b",
                      raw: "b",
                      span: Span(
                        start: 353,
                        end: 354,
                      ),
                    ),
                    value: [
                      Ident(
                        type: "Ident",
                        name: "c",
                        raw: "c",
                        span: Span(
                          start: 356,
                          end: 357,
                        ),
                      ),
                    ],
                    important: None,
                    lessPropertyMerge: None,
                    span: Span(
                      start: 353,
                      end: 357,
                    ),
                  ),
                ],
                span: Span(
                  start: 352,
                  end: 358,
                ),
              ),
              span: Span(
                start: 350,
                end: 358,
              ),
            ),
          ],
          span: Span(
            start: 349,
            end: 359,
          ),
        ),
        span: Span(
          start: 344,
          end: 359,
        ),
      ),
      elseIfClauses: [],
      elseClause: None,
      span: Span(
        start: 337,
        end: 364,
      ),
    ),
    SassIfAtRule(
      type: "SassIfAtRule",
      ifClause: SassConditionalClause(
        type: "SassConditionalClause",
        condition: Ident(
          type: "Ident",
          name: "false",
          raw: "false",
          span: Span(
            start: 365,
            end: 370,
          ),
        ),
        block: SimpleBlock(
          type: "SimpleBlock",
          statements: [],
          span: Span(
            start: 371,
            end: 373,
          ),
        ),
        span: Span(
          start: 365,
          end: 373,
        ),
      ),
      elseIfClauses: [],
      elseClause: Some(SimpleBlock(
        type: "SimpleBlock",
        statements: [
          QualifiedRule(
            type: "QualifiedRule",
            selector: SelectorList(
              type: "SelectorList",
              selectors: [
                ComplexSelector(
                  type: "ComplexSelector",
                  children: [
                    CompoundSelector(
                      type: "CompoundSelector",
                      children: [
                        TagNameSelector(
                          type: "TagNameSelector",
                          name: WqName(
                            type: "WqName",
                            name: Ident(
                              type: "Ident",
                              name: "a",
                              raw: "a",
                              span: Span(
                                start: 383,
                                end: 384,
                              ),
                            ),
                            prefix: None,
                            span: Span(
                              start: 383,
                              end: 384,
                            ),
                          ),
                          span: Span(
                            start: 383,
                            end: 384,
                          ),
                        ),
                      ],
                      span: Span(
                        start: 383,
                        end: 384,
                      ),
                    ),
                  ],
                  span: Span(
                    start: 383,
                    end: 384,
                  ),
                ),
              ],
              span: Span(
                start: 383,
                end: 384,
              ),
            ),
            block: SimpleBlock(
              type: "SimpleBlock",
              statements: [
                Declaration(
                  type: "Declaration",
                  name: Ident(
                    type: "Ident",
                    name: "b",
                    raw: "b",
                    span: Span(
                      start: 386,
                      end: 387,
                    ),
                  ),
                  value: [
                    Ident(
                      type: "Ident",
                      name: "c",
                      raw: "c",
                      span: Span(
                        start: 389,
                        end: 390,
                      ),
                    ),
                  ],
                  important: None,
                  lessPropertyMerge: None,
                  span: Span(
                    start: 386,
                    end: 390,
                  ),
                ),
              ],
              span: Span(
                start: 385,
                end: 391,
              ),
            ),
            span: Span(
              start: 383,
              end: 391,
            ),
          ),
        ],
        span: Span(
          start: 382,
          end: 392,
        ),
      )),
      span: Span(
        start: 361,
        end: 392,
      ),
    ),
    QualifiedRule(
      type: "QualifiedRule",
      selector: SelectorList(
        type: "SelectorList",
        selectors: [
          ComplexSelector(
            type: "ComplexSelector",
            children: [
              CompoundSelector(
                type: "CompoundSelector",
                children: [
                  TagNameSelector(
                    type: "TagNameSelector",
                    name: WqName(
                      type: "WqName",
                      name: Ident(
                        type: "Ident",
                        name: "foo",
                        raw: "foo",
                        span: Span(
                          start: 394,
                          end: 397,
                        ),
                      ),
                      prefix: None,
                      span: Span(
                        start: 394,
                        end: 397,
                      ),
                    ),
                    span: Span(
                      start: 394,
                      end: 397,
                    ),
                  ),
                ],
                span: Span(
                  start: 394,
                  end: 397,
                ),
              ),
            ],
            span: Span(
              start: 394,
              end: 397,
            ),
          ),
        ],
        span: Span(
          start: 394,
          end: 397,
        ),
      ),
      block: SimpleBlock(
        type: "SimpleBlock",
        statements: [
          SassIfAtRule(
            type: "SassIfAtRule",
            ifClause: SassConditionalClause(
              type: "SassConditionalClause",
              condition: Ident(
                type: "Ident",
                name: "true",
                raw: "true",
                span: Span(
                  start: 406,
                  end: 410,
                ),
              ),
              block: SimpleBlock(
                type: "SimpleBlock",
                statements: [
                  Declaration(
                    type: "Declaration",
                    name: Ident(
                      type: "Ident",
                      name: "foo",
                      raw: "foo",
                      span: Span(
                        start: 417,
                        end: 420,
                      ),
                    ),
                    value: [
                      Ident(
                        type: "Ident",
                        name: "true",
                        raw: "true",
                        span: Span(
                          start: 422,
                          end: 426,
                        ),
                      ),
                    ],
                    important: None,
                    lessPropertyMerge: None,
                    span: Span(
                      start: 417,
                      end: 426,
                    ),
                  ),
                ],
                span: Span(
                  start: 411,
                  end: 431,
                ),
              ),
              span: Span(
                start: 406,
                end: 431,
              ),
            ),
            elseIfClauses: [
              SassConditionalClause(
                type: "SassConditionalClause",
                condition: Ident(
                  type: "Ident",
                  name: "true",
                  raw: "true",
                  span: Span(
                    start: 440,
                    end: 444,
                  ),
                ),
                block: SimpleBlock(
                  type: "SimpleBlock",
                  statements: [
                    Declaration(
                      type: "Declaration",
                      name: Ident(
                        type: "Ident",
                        name: "foo",
                        raw: "foo",
                        span: Span(
                          start: 451,
                          end: 454,
                        ),
                      ),
                      value: [
                        Ident(
                          type: "Ident",
                          name: "false",
                          raw: "false",
                          span: Span(
                            start: 456,
                            end: 461,
                          ),
                        ),
                      ],
                      important: None,
                      lessPropertyMerge: None,
                      span: Span(
                        start: 451,
                        end: 461,
                      ),
                    ),
                  ],
                  span: Span(
                    start: 445,
                    end: 466,
                  ),
                ),
                span: Span(
                  start: 440,
                  end: 466,
                ),
              ),
            ],
            elseClause: Some(SimpleBlock(
              type: "SimpleBlock",
              statements: [
                Declaration(
                  type: "Declaration",
                  name: Ident(
                    type: "Ident",
                    name: "foo",
                    raw: "foo",
                    span: Span(
                      start: 479,
                      end: 482,
                    ),
                  ),
                  value: [
                    Ident(
                      type: "Ident",
                      name: "false",
                      raw: "false",
                      span: Span(
                        start: 484,
                        end: 489,
                      ),
                    ),
                  ],
                  important: None,
                  lessPropertyMerge: None,
                  span: Span(
                    start: 479,
                    end: 489,
                  ),
                ),
              ],
              span: Span(
                start: 473,
                end: 494,
              ),
            )),
            span: Span(
              start: 402,
              end: 494,
            ),
          ),
        ],
        span: Span(
          start: 398,
          end: 496,
        ),
      ),
      span: Span(
        start: 394,
        end: 496,
      ),
    ),
  ],
  span: Span(
    start: 0,
    end: 497,
  ),
)
