---
source: raffia/tests/ast.rs
---
Stylesheet(
  type: "Stylesheet",
  statements: [
    AtRule(
      type: "AtRule",
      name: Ident(
        type: "Ident",
        name: "mixin",
        raw: "mixin",
        span: Span(
          start: 1,
          end: 6,
        ),
      ),
      prelude: Some(SassMixin(
        type: "SassMixin",
        name: Ident(
          type: "Ident",
          name: "one-positional-arg",
          raw: "one-positional-arg",
          span: Span(
            start: 7,
            end: 25,
          ),
        ),
        parameters: Some(SassParameters(
          type: "SassParameters",
          params: [
            SassParameter(
              type: "SassParameter",
              name: SassVariable(
                type: "SassVariable",
                name: Ident(
                  type: "Ident",
                  name: "a",
                  raw: "a",
                  span: Span(
                    start: 27,
                    end: 28,
                  ),
                ),
                span: Span(
                  start: 26,
                  end: 28,
                ),
              ),
              defaultValue: None,
              span: Span(
                start: 26,
                end: 28,
              ),
            ),
          ],
          arbitraryParam: None,
          commaSpans: [
            Span(
              start: 28,
              end: 29,
            ),
          ],
          span: Span(
            start: 25,
            end: 30,
          ),
        )),
        span: Span(
          start: 7,
          end: 30,
        ),
      )),
      block: Some(SimpleBlock(
        type: "SimpleBlock",
        statements: [
          Declaration(
            type: "Declaration",
            name: Ident(
              type: "Ident",
              name: "one-positional-arg",
              raw: "one-positional-arg",
              span: Span(
                start: 35,
                end: 53,
              ),
            ),
            nameSuffix: None,
            colonSpan: Span(
              start: 53,
              end: 54,
            ),
            value: [
              Ident(
                type: "Ident",
                name: "positional",
                raw: "positional",
                span: Span(
                  start: 55,
                  end: 65,
                ),
              ),
              Number(
                type: "Number",
                value: 1.0,
                raw: "1",
                span: Span(
                  start: 66,
                  end: 67,
                ),
              ),
              SassVariable(
                type: "SassVariable",
                name: Ident(
                  type: "Ident",
                  name: "a",
                  raw: "a",
                  span: Span(
                    start: 69,
                    end: 70,
                  ),
                ),
                span: Span(
                  start: 68,
                  end: 70,
                ),
              ),
            ],
            important: None,
            lessPropertyMerge: None,
            span: Span(
              start: 35,
              end: 70,
            ),
          ),
        ],
        span: Span(
          start: 31,
          end: 73,
        ),
      )),
      span: Span(
        start: 0,
        end: 73,
      ),
    ),
    AtRule(
      type: "AtRule",
      name: Ident(
        type: "Ident",
        name: "mixin",
        raw: "mixin",
        span: Span(
          start: 76,
          end: 81,
        ),
      ),
      prelude: Some(SassMixin(
        type: "SassMixin",
        name: Ident(
          type: "Ident",
          name: "two-positional-args",
          raw: "two-positional-args",
          span: Span(
            start: 82,
            end: 101,
          ),
        ),
        parameters: Some(SassParameters(
          type: "SassParameters",
          params: [
            SassParameter(
              type: "SassParameter",
              name: SassVariable(
                type: "SassVariable",
                name: Ident(
                  type: "Ident",
                  name: "a",
                  raw: "a",
                  span: Span(
                    start: 103,
                    end: 104,
                  ),
                ),
                span: Span(
                  start: 102,
                  end: 104,
                ),
              ),
              defaultValue: None,
              span: Span(
                start: 102,
                end: 104,
              ),
            ),
            SassParameter(
              type: "SassParameter",
              name: SassVariable(
                type: "SassVariable",
                name: Ident(
                  type: "Ident",
                  name: "b",
                  raw: "b",
                  span: Span(
                    start: 107,
                    end: 108,
                  ),
                ),
                span: Span(
                  start: 106,
                  end: 108,
                ),
              ),
              defaultValue: None,
              span: Span(
                start: 106,
                end: 108,
              ),
            ),
          ],
          arbitraryParam: None,
          commaSpans: [
            Span(
              start: 104,
              end: 105,
            ),
            Span(
              start: 108,
              end: 109,
            ),
          ],
          span: Span(
            start: 101,
            end: 110,
          ),
        )),
        span: Span(
          start: 82,
          end: 110,
        ),
      )),
      block: Some(SimpleBlock(
        type: "SimpleBlock",
        statements: [
          Declaration(
            type: "Declaration",
            name: Ident(
              type: "Ident",
              name: "two-positional-args",
              raw: "two-positional-args",
              span: Span(
                start: 115,
                end: 134,
              ),
            ),
            nameSuffix: None,
            colonSpan: Span(
              start: 134,
              end: 135,
            ),
            value: [
              Ident(
                type: "Ident",
                name: "positional",
                raw: "positional",
                span: Span(
                  start: 136,
                  end: 146,
                ),
              ),
              Number(
                type: "Number",
                value: 2.0,
                raw: "2",
                span: Span(
                  start: 147,
                  end: 148,
                ),
              ),
              SassVariable(
                type: "SassVariable",
                name: Ident(
                  type: "Ident",
                  name: "a",
                  raw: "a",
                  span: Span(
                    start: 150,
                    end: 151,
                  ),
                ),
                span: Span(
                  start: 149,
                  end: 151,
                ),
              ),
              SassVariable(
                type: "SassVariable",
                name: Ident(
                  type: "Ident",
                  name: "b",
                  raw: "b",
                  span: Span(
                    start: 153,
                    end: 154,
                  ),
                ),
                span: Span(
                  start: 152,
                  end: 154,
                ),
              ),
            ],
            important: None,
            lessPropertyMerge: None,
            span: Span(
              start: 115,
              end: 154,
            ),
          ),
        ],
        span: Span(
          start: 111,
          end: 157,
        ),
      )),
      span: Span(
        start: 75,
        end: 157,
      ),
    ),
    AtRule(
      type: "AtRule",
      name: Ident(
        type: "Ident",
        name: "mixin",
        raw: "mixin",
        span: Span(
          start: 160,
          end: 165,
        ),
      ),
      prelude: Some(SassMixin(
        type: "SassMixin",
        name: Ident(
          type: "Ident",
          name: "one-keyword-arg",
          raw: "one-keyword-arg",
          span: Span(
            start: 166,
            end: 181,
          ),
        ),
        parameters: Some(SassParameters(
          type: "SassParameters",
          params: [
            SassParameter(
              type: "SassParameter",
              name: SassVariable(
                type: "SassVariable",
                name: Ident(
                  type: "Ident",
                  name: "a",
                  raw: "a",
                  span: Span(
                    start: 183,
                    end: 184,
                  ),
                ),
                span: Span(
                  start: 182,
                  end: 184,
                ),
              ),
              defaultValue: Some(SassParameterDefaultValue(
                type: "SassParameterDefaultValue",
                colonSpan: Span(
                  start: 184,
                  end: 185,
                ),
                value: Ident(
                  type: "Ident",
                  name: "a",
                  raw: "a",
                  span: Span(
                    start: 186,
                    end: 187,
                  ),
                ),
                span: Span(
                  start: 184,
                  end: 187,
                ),
              )),
              span: Span(
                start: 182,
                end: 187,
              ),
            ),
          ],
          arbitraryParam: None,
          commaSpans: [
            Span(
              start: 187,
              end: 188,
            ),
          ],
          span: Span(
            start: 181,
            end: 189,
          ),
        )),
        span: Span(
          start: 166,
          end: 189,
        ),
      )),
      block: Some(SimpleBlock(
        type: "SimpleBlock",
        statements: [
          Declaration(
            type: "Declaration",
            name: Ident(
              type: "Ident",
              name: "one-keyword-arg",
              raw: "one-keyword-arg",
              span: Span(
                start: 194,
                end: 209,
              ),
            ),
            nameSuffix: None,
            colonSpan: Span(
              start: 209,
              end: 210,
            ),
            value: [
              Ident(
                type: "Ident",
                name: "keyword",
                raw: "keyword",
                span: Span(
                  start: 211,
                  end: 218,
                ),
              ),
              Number(
                type: "Number",
                value: 1.0,
                raw: "1",
                span: Span(
                  start: 219,
                  end: 220,
                ),
              ),
              SassVariable(
                type: "SassVariable",
                name: Ident(
                  type: "Ident",
                  name: "a",
                  raw: "a",
                  span: Span(
                    start: 222,
                    end: 223,
                  ),
                ),
                span: Span(
                  start: 221,
                  end: 223,
                ),
              ),
            ],
            important: None,
            lessPropertyMerge: None,
            span: Span(
              start: 194,
              end: 223,
            ),
          ),
        ],
        span: Span(
          start: 190,
          end: 226,
        ),
      )),
      span: Span(
        start: 159,
        end: 226,
      ),
    ),
    AtRule(
      type: "AtRule",
      name: Ident(
        type: "Ident",
        name: "mixin",
        raw: "mixin",
        span: Span(
          start: 229,
          end: 234,
        ),
      ),
      prelude: Some(SassMixin(
        type: "SassMixin",
        name: Ident(
          type: "Ident",
          name: "two-keyword-args",
          raw: "two-keyword-args",
          span: Span(
            start: 235,
            end: 251,
          ),
        ),
        parameters: Some(SassParameters(
          type: "SassParameters",
          params: [
            SassParameter(
              type: "SassParameter",
              name: SassVariable(
                type: "SassVariable",
                name: Ident(
                  type: "Ident",
                  name: "a",
                  raw: "a",
                  span: Span(
                    start: 253,
                    end: 254,
                  ),
                ),
                span: Span(
                  start: 252,
                  end: 254,
                ),
              ),
              defaultValue: Some(SassParameterDefaultValue(
                type: "SassParameterDefaultValue",
                colonSpan: Span(
                  start: 254,
                  end: 255,
                ),
                value: Ident(
                  type: "Ident",
                  name: "a",
                  raw: "a",
                  span: Span(
                    start: 256,
                    end: 257,
                  ),
                ),
                span: Span(
                  start: 254,
                  end: 257,
                ),
              )),
              span: Span(
                start: 252,
                end: 257,
              ),
            ),
            SassParameter(
              type: "SassParameter",
              name: SassVariable(
                type: "SassVariable",
                name: Ident(
                  type: "Ident",
                  name: "b",
                  raw: "b",
                  span: Span(
                    start: 260,
                    end: 261,
                  ),
                ),
                span: Span(
                  start: 259,
                  end: 261,
                ),
              ),
              defaultValue: Some(SassParameterDefaultValue(
                type: "SassParameterDefaultValue",
                colonSpan: Span(
                  start: 261,
                  end: 262,
                ),
                value: Ident(
                  type: "Ident",
                  name: "b",
                  raw: "b",
                  span: Span(
                    start: 263,
                    end: 264,
                  ),
                ),
                span: Span(
                  start: 261,
                  end: 264,
                ),
              )),
              span: Span(
                start: 259,
                end: 264,
              ),
            ),
          ],
          arbitraryParam: None,
          commaSpans: [
            Span(
              start: 257,
              end: 258,
            ),
            Span(
              start: 264,
              end: 265,
            ),
          ],
          span: Span(
            start: 251,
            end: 266,
          ),
        )),
        span: Span(
          start: 235,
          end: 266,
        ),
      )),
      block: Some(SimpleBlock(
        type: "SimpleBlock",
        statements: [
          Declaration(
            type: "Declaration",
            name: Ident(
              type: "Ident",
              name: "two-keyword-args",
              raw: "two-keyword-args",
              span: Span(
                start: 271,
                end: 287,
              ),
            ),
            nameSuffix: None,
            colonSpan: Span(
              start: 287,
              end: 288,
            ),
            value: [
              Ident(
                type: "Ident",
                name: "keyword",
                raw: "keyword",
                span: Span(
                  start: 289,
                  end: 296,
                ),
              ),
              Number(
                type: "Number",
                value: 2.0,
                raw: "2",
                span: Span(
                  start: 297,
                  end: 298,
                ),
              ),
              SassVariable(
                type: "SassVariable",
                name: Ident(
                  type: "Ident",
                  name: "a",
                  raw: "a",
                  span: Span(
                    start: 300,
                    end: 301,
                  ),
                ),
                span: Span(
                  start: 299,
                  end: 301,
                ),
              ),
              SassVariable(
                type: "SassVariable",
                name: Ident(
                  type: "Ident",
                  name: "b",
                  raw: "b",
                  span: Span(
                    start: 303,
                    end: 304,
                  ),
                ),
                span: Span(
                  start: 302,
                  end: 304,
                ),
              ),
            ],
            important: None,
            lessPropertyMerge: None,
            span: Span(
              start: 271,
              end: 304,
            ),
          ),
        ],
        span: Span(
          start: 267,
          end: 307,
        ),
      )),
      span: Span(
        start: 228,
        end: 307,
      ),
    ),
    AtRule(
      type: "AtRule",
      name: Ident(
        type: "Ident",
        name: "mixin",
        raw: "mixin",
        span: Span(
          start: 310,
          end: 315,
        ),
      ),
      prelude: Some(SassMixin(
        type: "SassMixin",
        name: Ident(
          type: "Ident",
          name: "mixed-args",
          raw: "mixed-args",
          span: Span(
            start: 316,
            end: 326,
          ),
        ),
        parameters: Some(SassParameters(
          type: "SassParameters",
          params: [
            SassParameter(
              type: "SassParameter",
              name: SassVariable(
                type: "SassVariable",
                name: Ident(
                  type: "Ident",
                  name: "a",
                  raw: "a",
                  span: Span(
                    start: 328,
                    end: 329,
                  ),
                ),
                span: Span(
                  start: 327,
                  end: 329,
                ),
              ),
              defaultValue: None,
              span: Span(
                start: 327,
                end: 329,
              ),
            ),
            SassParameter(
              type: "SassParameter",
              name: SassVariable(
                type: "SassVariable",
                name: Ident(
                  type: "Ident",
                  name: "b",
                  raw: "b",
                  span: Span(
                    start: 332,
                    end: 333,
                  ),
                ),
                span: Span(
                  start: 331,
                  end: 333,
                ),
              ),
              defaultValue: Some(SassParameterDefaultValue(
                type: "SassParameterDefaultValue",
                colonSpan: Span(
                  start: 333,
                  end: 334,
                ),
                value: Ident(
                  type: "Ident",
                  name: "b",
                  raw: "b",
                  span: Span(
                    start: 335,
                    end: 336,
                  ),
                ),
                span: Span(
                  start: 333,
                  end: 336,
                ),
              )),
              span: Span(
                start: 331,
                end: 336,
              ),
            ),
          ],
          arbitraryParam: None,
          commaSpans: [
            Span(
              start: 329,
              end: 330,
            ),
            Span(
              start: 336,
              end: 337,
            ),
          ],
          span: Span(
            start: 326,
            end: 338,
          ),
        )),
        span: Span(
          start: 316,
          end: 338,
        ),
      )),
      block: Some(SimpleBlock(
        type: "SimpleBlock",
        statements: [
          Declaration(
            type: "Declaration",
            name: Ident(
              type: "Ident",
              name: "mixed-args",
              raw: "mixed-args",
              span: Span(
                start: 343,
                end: 353,
              ),
            ),
            nameSuffix: None,
            colonSpan: Span(
              start: 353,
              end: 354,
            ),
            value: [
              Ident(
                type: "Ident",
                name: "keyword",
                raw: "keyword",
                span: Span(
                  start: 355,
                  end: 362,
                ),
              ),
              Number(
                type: "Number",
                value: 2.0,
                raw: "2",
                span: Span(
                  start: 363,
                  end: 364,
                ),
              ),
              SassVariable(
                type: "SassVariable",
                name: Ident(
                  type: "Ident",
                  name: "a",
                  raw: "a",
                  span: Span(
                    start: 366,
                    end: 367,
                  ),
                ),
                span: Span(
                  start: 365,
                  end: 367,
                ),
              ),
              SassVariable(
                type: "SassVariable",
                name: Ident(
                  type: "Ident",
                  name: "b",
                  raw: "b",
                  span: Span(
                    start: 369,
                    end: 370,
                  ),
                ),
                span: Span(
                  start: 368,
                  end: 370,
                ),
              ),
            ],
            important: None,
            lessPropertyMerge: None,
            span: Span(
              start: 343,
              end: 370,
            ),
          ),
        ],
        span: Span(
          start: 339,
          end: 373,
        ),
      )),
      span: Span(
        start: 309,
        end: 373,
      ),
    ),
    AtRule(
      type: "AtRule",
      name: Ident(
        type: "Ident",
        name: "mixin",
        raw: "mixin",
        span: Span(
          start: 376,
          end: 381,
        ),
      ),
      prelude: Some(SassMixin(
        type: "SassMixin",
        name: Ident(
          type: "Ident",
          name: "foo",
          raw: "foo",
          span: Span(
            start: 382,
            end: 385,
          ),
        ),
        parameters: Some(SassParameters(
          type: "SassParameters",
          params: [],
          arbitraryParam: Some(SassArbitraryParameter(
            type: "SassArbitraryParameter",
            name: SassVariable(
              type: "SassVariable",
              name: Ident(
                type: "Ident",
                name: "args",
                raw: "args",
                span: Span(
                  start: 387,
                  end: 391,
                ),
              ),
              span: Span(
                start: 386,
                end: 391,
              ),
            ),
            span: Span(
              start: 386,
              end: 394,
            ),
          )),
          commaSpans: [],
          span: Span(
            start: 385,
            end: 395,
          ),
        )),
        span: Span(
          start: 382,
          end: 395,
        ),
      )),
      block: Some(SimpleBlock(
        type: "SimpleBlock",
        statements: [],
        span: Span(
          start: 396,
          end: 398,
        ),
      )),
      span: Span(
        start: 375,
        end: 398,
      ),
    ),
    AtRule(
      type: "AtRule",
      name: Ident(
        type: "Ident",
        name: "mixin",
        raw: "mixin",
        span: Span(
          start: 400,
          end: 405,
        ),
      ),
      prelude: Some(SassMixin(
        type: "SassMixin",
        name: Ident(
          type: "Ident",
          name: "foo",
          raw: "foo",
          span: Span(
            start: 406,
            end: 409,
          ),
        ),
        parameters: Some(SassParameters(
          type: "SassParameters",
          params: [
            SassParameter(
              type: "SassParameter",
              name: SassVariable(
                type: "SassVariable",
                name: Ident(
                  type: "Ident",
                  name: "a",
                  raw: "a",
                  span: Span(
                    start: 411,
                    end: 412,
                  ),
                ),
                span: Span(
                  start: 410,
                  end: 412,
                ),
              ),
              defaultValue: None,
              span: Span(
                start: 410,
                end: 412,
              ),
            ),
            SassParameter(
              type: "SassParameter",
              name: SassVariable(
                type: "SassVariable",
                name: Ident(
                  type: "Ident",
                  name: "b",
                  raw: "b",
                  span: Span(
                    start: 415,
                    end: 416,
                  ),
                ),
                span: Span(
                  start: 414,
                  end: 416,
                ),
              ),
              defaultValue: Some(SassParameterDefaultValue(
                type: "SassParameterDefaultValue",
                colonSpan: Span(
                  start: 416,
                  end: 417,
                ),
                value: Ident(
                  type: "Ident",
                  name: "b",
                  raw: "b",
                  span: Span(
                    start: 418,
                    end: 419,
                  ),
                ),
                span: Span(
                  start: 416,
                  end: 419,
                ),
              )),
              span: Span(
                start: 414,
                end: 419,
              ),
            ),
          ],
          arbitraryParam: Some(SassArbitraryParameter(
            type: "SassArbitraryParameter",
            name: SassVariable(
              type: "SassVariable",
              name: Ident(
                type: "Ident",
                name: "args",
                raw: "args",
                span: Span(
                  start: 422,
                  end: 426,
                ),
              ),
              span: Span(
                start: 421,
                end: 426,
              ),
            ),
            span: Span(
              start: 421,
              end: 429,
            ),
          )),
          commaSpans: [
            Span(
              start: 412,
              end: 413,
            ),
            Span(
              start: 419,
              end: 420,
            ),
          ],
          span: Span(
            start: 409,
            end: 430,
          ),
        )),
        span: Span(
          start: 406,
          end: 430,
        ),
      )),
      block: Some(SimpleBlock(
        type: "SimpleBlock",
        statements: [],
        span: Span(
          start: 431,
          end: 433,
        ),
      )),
      span: Span(
        start: 399,
        end: 433,
      ),
    ),
    AtRule(
      type: "AtRule",
      name: Ident(
        type: "Ident",
        name: "mixin",
        raw: "mixin",
        span: Span(
          start: 436,
          end: 441,
        ),
      ),
      prelude: Some(SassMixin(
        type: "SassMixin",
        name: Ident(
          type: "Ident",
          name: "no-params",
          raw: "no-params",
          span: Span(
            start: 442,
            end: 451,
          ),
        ),
        parameters: Some(SassParameters(
          type: "SassParameters",
          params: [],
          arbitraryParam: None,
          commaSpans: [],
          span: Span(
            start: 451,
            end: 453,
          ),
        )),
        span: Span(
          start: 442,
          end: 453,
        ),
      )),
      block: Some(SimpleBlock(
        type: "SimpleBlock",
        statements: [],
        span: Span(
          start: 454,
          end: 456,
        ),
      )),
      span: Span(
        start: 435,
        end: 456,
      ),
    ),
    AtRule(
      type: "AtRule",
      name: Ident(
        type: "Ident",
        name: "mixin",
        raw: "mixin",
        span: Span(
          start: 459,
          end: 464,
        ),
      ),
      prelude: Some(SassMixin(
        type: "SassMixin",
        name: Ident(
          type: "Ident",
          name: "list",
          raw: "list",
          span: Span(
            start: 465,
            end: 469,
          ),
        ),
        parameters: Some(SassParameters(
          type: "SassParameters",
          params: [
            SassParameter(
              type: "SassParameter",
              name: SassVariable(
                type: "SassVariable",
                name: Ident(
                  type: "Ident",
                  name: "lst",
                  raw: "lst",
                  span: Span(
                    start: 471,
                    end: 474,
                  ),
                ),
                span: Span(
                  start: 470,
                  end: 474,
                ),
              ),
              defaultValue: Some(SassParameterDefaultValue(
                type: "SassParameterDefaultValue",
                colonSpan: Span(
                  start: 474,
                  end: 475,
                ),
                value: SassList(
                  type: "SassList",
                  elements: [
                    Ident(
                      type: "Ident",
                      name: "a",
                      raw: "a",
                      span: Span(
                        start: 476,
                        end: 477,
                      ),
                    ),
                    Ident(
                      type: "Ident",
                      name: "b",
                      raw: "b",
                      span: Span(
                        start: 478,
                        end: 479,
                      ),
                    ),
                  ],
                  commaSpans: None,
                  span: Span(
                    start: 476,
                    end: 479,
                  ),
                ),
                span: Span(
                  start: 474,
                  end: 479,
                ),
              )),
              span: Span(
                start: 470,
                end: 479,
              ),
            ),
          ],
          arbitraryParam: None,
          commaSpans: [],
          span: Span(
            start: 469,
            end: 480,
          ),
        )),
        span: Span(
          start: 465,
          end: 480,
        ),
      )),
      block: Some(SimpleBlock(
        type: "SimpleBlock",
        statements: [],
        span: Span(
          start: 481,
          end: 483,
        ),
      )),
      span: Span(
        start: 458,
        end: 483,
      ),
    ),
    AtRule(
      type: "AtRule",
      name: Ident(
        type: "Ident",
        name: "mixin",
        raw: "mixin",
        span: Span(
          start: 486,
          end: 491,
        ),
      ),
      prelude: Some(SassMixin(
        type: "SassMixin",
        name: Ident(
          type: "Ident",
          name: "my-keyframes",
          raw: "my-keyframes",
          span: Span(
            start: 492,
            end: 504,
          ),
        ),
        parameters: Some(SassParameters(
          type: "SassParameters",
          params: [],
          arbitraryParam: None,
          commaSpans: [],
          span: Span(
            start: 504,
            end: 506,
          ),
        )),
        span: Span(
          start: 492,
          end: 506,
        ),
      )),
      block: Some(SimpleBlock(
        type: "SimpleBlock",
        statements: [
          KeyframeBlock(
            type: "KeyframeBlock",
            selectors: [
              Percentage(
                type: "Percentage",
                value: Number(
                  type: "Number",
                  value: 50.0,
                  raw: "50",
                  span: Span(
                    start: 511,
                    end: 513,
                  ),
                ),
                span: Span(
                  start: 511,
                  end: 514,
                ),
              ),
            ],
            commaSpans: [],
            block: SimpleBlock(
              type: "SimpleBlock",
              statements: [
                AtRule(
                  type: "AtRule",
                  name: Ident(
                    type: "Ident",
                    name: "include",
                    raw: "include",
                    span: Span(
                      start: 522,
                      end: 529,
                    ),
                  ),
                  prelude: Some(SassInclude(
                    type: "SassInclude",
                    name: Ident(
                      type: "Ident",
                      name: "prefixed",
                      raw: "prefixed",
                      span: Span(
                        start: 530,
                        end: 538,
                      ),
                    ),
                    arguments: Some(SassIncludeArgs(
                      type: "SassIncludeArgs",
                      args: [
                        Ident(
                          type: "Ident",
                          name: "transform",
                          raw: "transform",
                          span: Span(
                            start: 539,
                            end: 548,
                          ),
                        ),
                        Function(
                          type: "Function",
                          name: Ident(
                            type: "Ident",
                            name: "translateY",
                            raw: "translateY",
                            span: Span(
                              start: 550,
                              end: 560,
                            ),
                          ),
                          args: [
                            Dimension(
                              type: "Dimension",
                              value: Number(
                                type: "Number",
                                value: -4.0,
                                raw: "-4",
                                span: Span(
                                  start: 561,
                                  end: 563,
                                ),
                              ),
                              unit: Ident(
                                type: "Ident",
                                name: "px",
                                raw: "px",
                                span: Span(
                                  start: 563,
                                  end: 565,
                                ),
                              ),
                              kind: Length,
                              span: Span(
                                start: 561,
                                end: 565,
                              ),
                            ),
                          ],
                          span: Span(
                            start: 550,
                            end: 566,
                          ),
                        ),
                      ],
                      commaSpans: [
                        Span(
                          start: 548,
                          end: 549,
                        ),
                      ],
                      span: Span(
                        start: 538,
                        end: 567,
                      ),
                    )),
                    contentBlockParams: None,
                    span: Span(
                      start: 530,
                      end: 567,
                    ),
                  )),
                  block: None,
                  span: Span(
                    start: 521,
                    end: 567,
                  ),
                ),
              ],
              span: Span(
                start: 515,
                end: 572,
              ),
            ),
            span: Span(
              start: 511,
              end: 572,
            ),
          ),
        ],
        span: Span(
          start: 507,
          end: 574,
        ),
      )),
      span: Span(
        start: 485,
        end: 574,
      ),
    ),
  ],
  span: Span(
    start: 0,
    end: 575,
  ),
)
