---
source: raffia/tests/ast.rs
---
Stylesheet(
  type: "Stylesheet",
  statements: [
    QualifiedRule(
      type: "QualifiedRule",
      selector: SelectorList(
        type: "SelectorList",
        selectors: [
          ComplexSelector(
            type: "ComplexSelector",
            children: [
              CompoundSelector(
                type: "CompoundSelector",
                children: [
                  TagNameSelector(
                    type: "TagNameSelector",
                    name: WqName(
                      type: "WqName",
                      name: Ident(
                        type: "Ident",
                        name: "foo",
                        raw: "foo",
                        span: Span(
                          start: 0,
                          end: 3,
                        ),
                      ),
                      prefix: None,
                      span: Span(
                        start: 0,
                        end: 3,
                      ),
                    ),
                    span: Span(
                      start: 0,
                      end: 3,
                    ),
                  ),
                  ClassSelector(
                    type: "ClassSelector",
                    name: Ident(
                      type: "Ident",
                      name: "bar",
                      raw: "bar",
                      span: Span(
                        start: 4,
                        end: 7,
                      ),
                    ),
                    span: Span(
                      start: 3,
                      end: 7,
                    ),
                  ),
                  ClassSelector(
                    type: "ClassSelector",
                    name: Ident(
                      type: "Ident",
                      name: "baz",
                      raw: "baz",
                      span: Span(
                        start: 8,
                        end: 11,
                      ),
                    ),
                    span: Span(
                      start: 7,
                      end: 11,
                    ),
                  ),
                ],
                span: Span(
                  start: 0,
                  end: 11,
                ),
              ),
              Combinator(
                type: "Combinator",
                kind: Descendant,
                span: Span(
                  start: 11,
                  end: 12,
                ),
              ),
              CompoundSelector(
                type: "CompoundSelector",
                children: [
                  TagNameSelector(
                    type: "TagNameSelector",
                    name: WqName(
                      type: "WqName",
                      name: Ident(
                        type: "Ident",
                        name: "asd",
                        raw: "asd",
                        span: Span(
                          start: 12,
                          end: 15,
                        ),
                      ),
                      prefix: None,
                      span: Span(
                        start: 12,
                        end: 15,
                      ),
                    ),
                    span: Span(
                      start: 12,
                      end: 15,
                    ),
                  ),
                  ClassSelector(
                    type: "ClassSelector",
                    name: Ident(
                      type: "Ident",
                      name: "qwe",
                      raw: "qwe",
                      span: Span(
                        start: 16,
                        end: 19,
                      ),
                    ),
                    span: Span(
                      start: 15,
                      end: 19,
                    ),
                  ),
                ],
                span: Span(
                  start: 12,
                  end: 19,
                ),
              ),
              Combinator(
                type: "Combinator",
                kind: Descendant,
                span: Span(
                  start: 19,
                  end: 20,
                ),
              ),
              CompoundSelector(
                type: "CompoundSelector",
                children: [
                  TagNameSelector(
                    type: "TagNameSelector",
                    name: WqName(
                      type: "WqName",
                      name: Ident(
                        type: "Ident",
                        name: "xyz",
                        raw: "xyz",
                        span: Span(
                          start: 20,
                          end: 23,
                        ),
                      ),
                      prefix: None,
                      span: Span(
                        start: 20,
                        end: 23,
                      ),
                    ),
                    span: Span(
                      start: 20,
                      end: 23,
                    ),
                  ),
                ],
                span: Span(
                  start: 20,
                  end: 23,
                ),
              ),
            ],
            span: Span(
              start: 0,
              end: 23,
            ),
          ),
          ComplexSelector(
            type: "ComplexSelector",
            children: [
              CompoundSelector(
                type: "CompoundSelector",
                children: [
                  TagNameSelector(
                    type: "TagNameSelector",
                    name: WqName(
                      type: "WqName",
                      name: Ident(
                        type: "Ident",
                        name: "second",
                        raw: "second",
                        span: Span(
                          start: 25,
                          end: 31,
                        ),
                      ),
                      prefix: None,
                      span: Span(
                        start: 25,
                        end: 31,
                      ),
                    ),
                    span: Span(
                      start: 25,
                      end: 31,
                    ),
                  ),
                ],
                span: Span(
                  start: 25,
                  end: 31,
                ),
              ),
            ],
            span: Span(
              start: 25,
              end: 31,
            ),
          ),
        ],
        commaSpans: [
          Span(
            start: 23,
            end: 24,
          ),
        ],
        span: Span(
          start: 0,
          end: 31,
        ),
      ),
      block: SimpleBlock(
        type: "SimpleBlock",
        statements: [
          Declaration(
            type: "Declaration",
            name: Ident(
              type: "Ident",
              name: "length",
              raw: "length",
              span: Span(
                start: 36,
                end: 42,
              ),
            ),
            nameSuffix: None,
            colonSpan: Span(
              start: 42,
              end: 43,
            ),
            value: [
              Function(
                type: "Function",
                name: Ident(
                  type: "Ident",
                  name: "length",
                  raw: "length",
                  span: Span(
                    start: 44,
                    end: 50,
                  ),
                ),
                args: [
                  NestingSelector(
                    type: "NestingSelector",
                    suffix: None,
                    span: Span(
                      start: 51,
                      end: 52,
                    ),
                  ),
                ],
                span: Span(
                  start: 44,
                  end: 53,
                ),
              ),
            ],
            important: None,
            lessPropertyMerge: None,
            span: Span(
              start: 36,
              end: 53,
            ),
          ),
          Declaration(
            type: "Declaration",
            name: Ident(
              type: "Ident",
              name: "length",
              raw: "length",
              span: Span(
                start: 57,
                end: 63,
              ),
            ),
            nameSuffix: None,
            colonSpan: Span(
              start: 63,
              end: 64,
            ),
            value: [
              Function(
                type: "Function",
                name: Ident(
                  type: "Ident",
                  name: "length",
                  raw: "length",
                  span: Span(
                    start: 65,
                    end: 71,
                  ),
                ),
                args: [
                  Function(
                    type: "Function",
                    name: Ident(
                      type: "Ident",
                      name: "nth",
                      raw: "nth",
                      span: Span(
                        start: 72,
                        end: 75,
                      ),
                    ),
                    args: [
                      NestingSelector(
                        type: "NestingSelector",
                        suffix: None,
                        span: Span(
                          start: 76,
                          end: 77,
                        ),
                      ),
                      Delimiter(
                        type: "Delimiter",
                        kind: Comma,
                        span: Span(
                          start: 77,
                          end: 78,
                        ),
                      ),
                      Number(
                        type: "Number",
                        value: 1.0,
                        raw: "1",
                        span: Span(
                          start: 79,
                          end: 80,
                        ),
                      ),
                    ],
                    span: Span(
                      start: 72,
                      end: 81,
                    ),
                  ),
                ],
                span: Span(
                  start: 65,
                  end: 82,
                ),
              ),
            ],
            important: None,
            lessPropertyMerge: None,
            span: Span(
              start: 57,
              end: 82,
            ),
          ),
          Declaration(
            type: "Declaration",
            name: Ident(
              type: "Ident",
              name: "length",
              raw: "length",
              span: Span(
                start: 86,
                end: 92,
              ),
            ),
            nameSuffix: None,
            colonSpan: Span(
              start: 92,
              end: 93,
            ),
            value: [
              Function(
                type: "Function",
                name: Ident(
                  type: "Ident",
                  name: "length",
                  raw: "length",
                  span: Span(
                    start: 94,
                    end: 100,
                  ),
                ),
                args: [
                  Function(
                    type: "Function",
                    name: Ident(
                      type: "Ident",
                      name: "nth",
                      raw: "nth",
                      span: Span(
                        start: 101,
                        end: 104,
                      ),
                    ),
                    args: [
                      Function(
                        type: "Function",
                        name: Ident(
                          type: "Ident",
                          name: "nth",
                          raw: "nth",
                          span: Span(
                            start: 105,
                            end: 108,
                          ),
                        ),
                        args: [
                          NestingSelector(
                            type: "NestingSelector",
                            suffix: None,
                            span: Span(
                              start: 109,
                              end: 110,
                            ),
                          ),
                          Delimiter(
                            type: "Delimiter",
                            kind: Comma,
                            span: Span(
                              start: 110,
                              end: 111,
                            ),
                          ),
                          Number(
                            type: "Number",
                            value: 1.0,
                            raw: "1",
                            span: Span(
                              start: 112,
                              end: 113,
                            ),
                          ),
                        ],
                        span: Span(
                          start: 105,
                          end: 114,
                        ),
                      ),
                      Delimiter(
                        type: "Delimiter",
                        kind: Comma,
                        span: Span(
                          start: 114,
                          end: 115,
                        ),
                      ),
                      Number(
                        type: "Number",
                        value: 1.0,
                        raw: "1",
                        span: Span(
                          start: 116,
                          end: 117,
                        ),
                      ),
                    ],
                    span: Span(
                      start: 101,
                      end: 118,
                    ),
                  ),
                ],
                span: Span(
                  start: 94,
                  end: 119,
                ),
              ),
            ],
            important: None,
            lessPropertyMerge: None,
            span: Span(
              start: 86,
              end: 119,
            ),
          ),
        ],
        span: Span(
          start: 32,
          end: 122,
        ),
      ),
      span: Span(
        start: 0,
        end: 122,
      ),
    ),
  ],
  span: Span(
    start: 0,
    end: 123,
  ),
)
