---
source: raffia/tests/ast.rs
---
Stylesheet(
  type: "Stylesheet",
  statements: [
    SassVariableDeclaration(
      type: "SassVariableDeclaration",
      name: SassVariable(
        type: "SassVariable",
        name: Ident(
          type: "Ident",
          name: "mylist",
          raw: "mylist",
          span: Span(
            start: 1,
            end: 7,
          ),
        ),
        span: Span(
          start: 0,
          end: 7,
        ),
      ),
      value: ComponentValues(
        type: "ComponentValues",
        values: [
          SassList(
            type: "SassList",
            items: [
              Ident(
                type: "Ident",
                name: "alpha",
                raw: "alpha",
                span: Span(
                  start: 10,
                  end: 15,
                ),
              ),
              Ident(
                type: "Ident",
                name: "beta",
                raw: "beta",
                span: Span(
                  start: 17,
                  end: 21,
                ),
              ),
              Ident(
                type: "Ident",
                name: "gamma",
                raw: "gamma",
                span: Span(
                  start: 23,
                  end: 28,
                ),
              ),
            ],
            hasParens: true,
            separator: Comma,
            span: Span(
              start: 9,
              end: 31,
            ),
          ),
        ],
        span: Span(
          start: 9,
          end: 31,
        ),
      ),
      important: None,
      overridable: false,
      forceGlobal: false,
      span: Span(
        start: 0,
        end: 32,
      ),
    ),
    SassVariableDeclaration(
      type: "SassVariableDeclaration",
      name: SassVariable(
        type: "SassVariable",
        name: Ident(
          type: "Ident",
          name: "my-single-item-list",
          raw: "my-single-item-list",
          span: Span(
            start: 34,
            end: 53,
          ),
        ),
        span: Span(
          start: 33,
          end: 53,
        ),
      ),
      value: ComponentValues(
        type: "ComponentValues",
        values: [
          SassList(
            type: "SassList",
            items: [
              Ident(
                type: "Ident",
                name: "alpha",
                raw: "alpha",
                span: Span(
                  start: 56,
                  end: 61,
                ),
              ),
            ],
            hasParens: true,
            separator: Comma,
            span: Span(
              start: 55,
              end: 63,
            ),
          ),
        ],
        span: Span(
          start: 55,
          end: 63,
        ),
      ),
      important: None,
      overridable: false,
      forceGlobal: false,
      span: Span(
        start: 33,
        end: 64,
      ),
    ),
  ],
  span: Span(
    start: 0,
    end: 65,
  ),
)
