---
source: raffia/tests/ast.rs
---
Stylesheet(
  type: "Stylesheet",
  statements: [
    LessVariableCall(
      type: "LessVariableCall",
      variable: LessVariable(
        type: "LessVariable",
        name: Ident(
          type: "Ident",
          name: "var",
          raw: "var",
          span: Span(
            start: 1,
            end: 4,
          ),
        ),
        span: Span(
          start: 0,
          end: 4,
        ),
      ),
      span: Span(
        start: 0,
        end: 6,
      ),
    ),
  ],
  span: Span(
    start: 0,
    end: 8,
  ),
)
