---
source: raffia/tests/ast.rs
---
Stylesheet(
  type: "Stylesheet",
  statements: [
    SassVariableDeclaration(
      type: "SassVariableDeclaration",
      namespace: None,
      name: SassVariable(
        type: "SassVariable",
        name: Ident(
          type: "Ident",
          name: "gradient-light",
          raw: "gradient-light",
          span: Span(
            start: 1,
            end: 15,
          ),
        ),
        span: Span(
          start: 0,
          end: 15,
        ),
      ),
      colonSpan: Span(
        start: 15,
        end: 16,
      ),
      value: Function(
        type: "Function",
        name: Ident(
          type: "Ident",
          name: "linear-gradient",
          raw: "linear-gradient",
          span: Span(
            start: 17,
            end: 32,
          ),
        ),
        args: [
          Dimension(
            type: "Dimension",
            value: Number(
              type: "Number",
              value: 135.0,
              raw: "135",
              span: Span(
                start: 35,
                end: 38,
              ),
            ),
            unit: Ident(
              type: "Ident",
              name: "deg",
              raw: "deg",
              span: Span(
                start: 38,
                end: 41,
              ),
            ),
            kind: Angle,
            span: Span(
              start: 35,
              end: 41,
            ),
          ),
          Delimiter(
            type: "Delimiter",
            kind: Comma,
            span: Span(
              start: 41,
              end: 42,
            ),
          ),
          SassVariable(
            type: "SassVariable",
            name: Ident(
              type: "Ident",
              name: "col-primary-light",
              raw: "col-primary-light",
              span: Span(
                start: 45,
                end: 62,
              ),
            ),
            span: Span(
              start: 44,
              end: 62,
            ),
          ),
          Percentage(
            type: "Percentage",
            value: Number(
              type: "Number",
              value: 0.0,
              raw: "0",
              span: Span(
                start: 63,
                end: 64,
              ),
            ),
            span: Span(
              start: 63,
              end: 65,
            ),
          ),
          Delimiter(
            type: "Delimiter",
            kind: Comma,
            span: Span(
              start: 65,
              end: 66,
            ),
          ),
          SassVariable(
            type: "SassVariable",
            name: Ident(
              type: "Ident",
              name: "col-primary",
              raw: "col-primary",
              span: Span(
                start: 69,
                end: 80,
              ),
            ),
            span: Span(
              start: 68,
              end: 80,
            ),
          ),
          Percentage(
            type: "Percentage",
            value: Number(
              type: "Number",
              value: 100.0,
              raw: "100",
              span: Span(
                start: 81,
                end: 84,
              ),
            ),
            span: Span(
              start: 81,
              end: 85,
            ),
          ),
        ],
        span: Span(
          start: 17,
          end: 87,
        ),
      ),
      flags: [],
      span: Span(
        start: 0,
        end: 87,
      ),
    ),
  ],
  span: Span(
    start: 0,
    end: 88,
  ),
)
