---
source: raffia/tests/ast.rs
---
Stylesheet(
  type: "Stylesheet",
  statements: [
    AtRule(
      type: "AtRule",
      name: Ident(
        type: "Ident",
        name: "starting-style",
        raw: "starting-style",
        span: Span(
          start: 1,
          end: 15,
        ),
      ),
      prelude: None,
      block: Some(SimpleBlock(
        type: "SimpleBlock",
        statements: [
          QualifiedRule(
            type: "QualifiedRule",
            selector: SelectorList(
              type: "SelectorList",
              selectors: [
                ComplexSelector(
                  type: "ComplexSelector",
                  children: [
                    CompoundSelector(
                      type: "CompoundSelector",
                      children: [
                        TagNameSelector(
                          type: "TagNameSelector",
                          name: WqName(
                            type: "WqName",
                            name: Ident(
                              type: "Ident",
                              name: "h1",
                              raw: "h1",
                              span: Span(
                                start: 20,
                                end: 22,
                              ),
                            ),
                            prefix: None,
                            span: Span(
                              start: 20,
                              end: 22,
                            ),
                          ),
                          span: Span(
                            start: 20,
                            end: 22,
                          ),
                        ),
                      ],
                      span: Span(
                        start: 20,
                        end: 22,
                      ),
                    ),
                  ],
                  span: Span(
                    start: 20,
                    end: 22,
                  ),
                ),
              ],
              span: Span(
                start: 20,
                end: 22,
              ),
            ),
            block: SimpleBlock(
              type: "SimpleBlock",
              statements: [
                Declaration(
                  type: "Declaration",
                  name: Ident(
                    type: "Ident",
                    name: "background-color",
                    raw: "background-color",
                    span: Span(
                      start: 29,
                      end: 45,
                    ),
                  ),
                  value: [
                    Ident(
                      type: "Ident",
                      name: "transparent",
                      raw: "transparent",
                      span: Span(
                        start: 47,
                        end: 58,
                      ),
                    ),
                  ],
                  important: None,
                  lessPropertyMerge: None,
                  span: Span(
                    start: 29,
                    end: 58,
                  ),
                ),
              ],
              span: Span(
                start: 23,
                end: 63,
              ),
            ),
            span: Span(
              start: 20,
              end: 63,
            ),
          ),
        ],
        span: Span(
          start: 16,
          end: 65,
        ),
      )),
      span: Span(
        start: 0,
        end: 65,
      ),
    ),
  ],
  span: Span(
    start: 0,
    end: 66,
  ),
)
